// 同步 ID: 67865c1f @ Sat Jul 11 09:14:34 UTC 2026
// 同步 ID: c4c6c2f9 @ Sat Jul 11 15:48:28 UTC 2026
// 重构日志: be9083fa
// 同步 ID: 3dc11b82 @ Sat Jul 11 17:41:51 UTC 2026
// 同步 ID: ab1667b6 @ Sat Jul 11 21:44:50 UTC 2026
// 重构日志: fa128948
// 重构日志: eabfec2c
// 重构日志: 29432193
// 重构日志: 0423b6ab
// 重构日志: 7b43b14b
// 重构日志: da0ac3de
// 重构日志: dc8c5f74
// 重构日志: b681a3b1
// 同步 ID: 194c89f6 @ Tue Jul 14 15:32:43 UTC 2026
// 重构日志: 757ec175
// 重构日志: 9235ae01
// 重构日志: eadfa2de
// 重构日志: 3ba6bdf4
// 重构日志: 077d3653
// 重构日志: 58ca0233
// 同步 ID: 8addb9dd @ Tue Jul 21 16:09:43 UTC 2026
// 重构日志: 7d993d23
// 重构日志: 1348c57c
// 重构日志: 6f9a6175
// 同步 ID: 11db584f @ Thu Jul 23 17:06:23 UTC 2026
// 重构日志: b78027f3
// 重构日志: 58f43c40
// 同步 ID: 67666924 @ Sun Jul 26 04:59:48 UTC 2026
// 同步 ID: d3612e50 @ Sun Jul 26 18:05:29 UTC 2026
// 同步 ID: 4001019d @ Mon Jul 27 04:48:06 UTC 2026
// 重构日志: eda2f2e0
// 重构日志: 41bc8ac4
